---
source: crates/monochange/src/mcp.rs
expression: content_text(&result)
---
{
  "action": "affected_packages",
  "error": "config error: failed to parse [ROOT]/monochange.toml: TOML parse error at line 36, column 30\n   |\n36 | inputs = { changed_paths = \\\"{{ inputs.changed_paths }}\\\", since = \\\"{{ inputs.since }}\\\", verify = \\\"{{ inputs.verify }}\\\", label = \\\"{{ inputs.label }}\\\" }\n   |                              ^\nmissing key for inline table element, expected `,`\n",
  "ok": false,
  "root": "[ROOT]
  "summary": "config error: failed to parse [ROOT]/monochange.toml: TOML parse error at line 36, column 30\n   |\n36 | inputs = { changed_paths = \\\"{{ inputs.changed_paths }}\\\", since = \\\"{{ inputs.since }}\\\", verify = \\\"{{ inputs.verify }}\\\", label = \\\"{{ inputs.label }}\\\" }\n   |                              ^\nmissing key for inline table element, expected `,`\n"
}
