---
source: crates/monochange/src/mcp.rs
expression: content_text(&result)
---
{
  "action": "affected_packages",
  "error": "config error: CLI command `release` step `PrepareRelease` has unknown input override `format`; this step accepts no inputs",
  "ok": false,
  "root": "[ROOT]
  "summary": "config error: CLI command `release` step `PrepareRelease` has unknown input override `format`; this step accepts no inputs"
}
