---
source: crates/monochange/src/mcp.rs
expression: content_text(&result)
---
{
  "action": "affected_packages",
  "evaluation": {
    "affectedPackageIds": [],
    "changedPaths": [
      "docs/readme.md"
    ],
    "changesetPaths": [],
    "comment": null,
    "coveredPackageIds": [],
    "enforce": false,
    "errors": [],
    "ignoredPaths": [],
    "labels": [
      "no-changeset-required"
    ],
    "matchedPaths": [],
    "matchedSkipLabels": [
      "no-changeset-required"
    ],
    "required": false,
    "status": "skipped",
    "summary": "changeset verification skipped because the change has an allowed label: no-changeset-required",
    "uncoveredPackageIds": []
  },
  "ok": true,
  "summary": "changeset verification skipped because the change has an allowed label: no-changeset-required"
}
