---
source: crates/monochange/src/__tests__/mcp_tests.rs
expression: content_text(&result)
---
{
  "action": "release_preview",
  "error": "config error: no markdown changesets found under .changeset",
  "ok": false,
  "root": "[ROOT]
  "summary": "config error: no markdown changesets found under .changeset"
}
