---
source: crates/monochange/src/__tests__/mcp_tests.rs
expression: content_text(&result)
---
{
  "action": "discover",
  "error": "config error: [changelog].templates uses unsupported variables: commit_hash",
  "ok": false,
  "root": "[ROOT]
  "summary": "config error: [changelog].templates uses unsupported variables: commit_hash"
}
