---
source: crates/monochange_integration_tests/tests/schema_assets.rs
expression: redacted_outcomes
---
[
  {
    "scenario": "current",
    "schemaVersion": "[schema version]",
    "status": "ok"
  },
  {
    "error": "artifact is not a JSON object",
    "scenario": "not_object",
    "status": "error"
  },
  {
    "error": "artifact is missing required `kind`",
    "scenario": "missing_kind",
    "status": "error"
  },
  {
    "error": "artifact uses unsupported kind `monochange.otherRecord`; expected `monochange.releaseRecord`",
    "scenario": "wrong_kind",
    "status": "error"
  },
  {
    "error": "artifact is missing required schema version field `schemaVersion`",
    "scenario": "missing_version",
    "status": "error"
  },
  {
    "error": "artifact schema version field `schemaVersion` must be a string",
    "scenario": "pre_public_schema_version_field",
    "status": "error"
  },
  {
    "error": "artifact schema version field `schemaVersion` must be a string",
    "scenario": "non_string_version",
    "status": "error"
  },
  {
    "error": "artifact uses invalid schema version `[schema version].0`: expected exactly major.minor",
    "scenario": "invalid_version_text",
    "status": "error"
  },
  {
    "scenario": "old_version_without_migration_edge",
    "schemaVersion": "[schema version]",
    "status": "ok"
  },
  {
    "error": "artifact uses unsupported schema version `0.2`; current supported version is `[schema version]`",
    "scenario": "future_version",
    "status": "error"
  }
]
