---
source: crates/monochange_integration_tests/tests/schema_assets.rs
assertion_line: 318
expression: changelog
---
[
  {
    "artifact": "monochange.releaseRecord",
    "changes": [],
    "from": {
      "schemaVersion": "0.1",
      "type": "version"
    },
    "noop": true,
    "operation": "noop",
    "reason": "Release-record schema 0.2 preserves the 0.1 wire shape; the explicit edge keeps older artifact readability covered by CI.",
    "to": "0.2"
  }
]
