---
source: crates/monochange/tests/changelog_formats.rs
assertion_line: 40
expression: app_changelog
---
# Changelog

All notable changes to this project will be documented in this file.

This changelog is managed by [monochange](https://github.com/monochange/monochange).

## 1.1.0 ([DATE])

- No package-specific changes were recorded; `workflow-app` was updated to 1.1.0 as part of group `sdk`.
