---
source: crates/monochange/tests/cli_output.rs
info:
  program: mc
  args:
    - validate
  env:
    NO_COLOR: "1"
    RUST_LOG: ""
---
success: true
exit_code: 0
----- stdout -----
workspace validation passed for .

----- stderr -----
lint: 3 errors, 0 warnings

[ROOT]/crates/core/Cargo.toml:
  ✗ missing required package field `description` at 1:1
  ✗ missing required package field `license` at 1:1
  ✗ missing required package field `repository` at 1:1

No auto-fixable issues found.
