---
source: crates/monochange/tests/cli_step_input_overrides.rs
expression: json
---
{
  "affectedPackageIds": [
    "core"
  ],
  "changedPaths": [
    "crates/core/CHANGELOG.md"
  ],
  "changesetPaths": [],
  "comment": null,
  "coveredPackageIds": [],
  "enforce": true,
  "errors": [],
  "ignoredPaths": [],
  "labels": [
    "no-changeset-required"
  ],
  "matchedPaths": [
    "crates/core/CHANGELOG.md"
  ],
  "matchedSkipLabels": [
    "no-changeset-required"
  ],
  "required": false,
  "status": "skipped",
  "summary": "changeset verification skipped because the change has an allowed label: no-changeset-required",
  "uncoveredPackageIds": [
    "core"
  ]
}
