---
source: crates/monochange/tests/cli_output.rs
assertion_line: 240
info:
  program: mc
  args:
    - release-pr
    - "--dry-run"
  env:
    MONOCHANGE_RELEASE_DATE: 2026-04-06
    NO_COLOR: "1"
    RUST_LOG: ""
---
success: true
exit_code: 0
----- stdout -----
command `release-pr` completed (dry-run)
version: 1.1.0
released packages: workflow-app, workflow-core
release targets:
- group sdk -> v1.1.0 (tag: true, release: true)
release manifest: .monochange/release-manifest.json
release request:
- dry-run ifiokjr/monochange monochange/release/release-pr -> main via github
changed files:
- Cargo.toml
- changelog.md
- crates/app/Cargo.toml
- crates/core/CHANGELOG.md
- crates/core/Cargo.toml
- group.toml

----- stderr -----
