---
source: crates/monochange/tests/cli_output.rs
info:
  program: mc
  args:
    - placeholder-publish
    - "--dry-run"
    - "--format"
    - text
  env:
    GITHUB_JOB: release
    GITHUB_WORKFLOW_REF: ifiokjr/monochange/.github/workflows/publish.yml@refs/heads/main
    MONOCHANGE_CRATES_IO_API_URL: "http://127.0.0.1:49288"
    MONOCHANGE_JSR_BASE_URL: "http://127.0.0.1:49288"
    MONOCHANGE_NPM_REGISTRY_URL: "http://127.0.0.1:49288"
    MONOCHANGE_PUB_DEV_API_URL: "http://127.0.0.1:49288"
    NO_COLOR: "1"
    RUST_LOG: ""
---
success: true
exit_code: 0
----- stdout -----
command `placeholder-publish` completed (dry-run)
placeholder publishing:
- core 0.0.0 via crates_io -> planned
  ecosystem: cargo
  placeholder: yes
  publish: would publish placeholder core 0.0.0 to crates_io
  trusted publishing: manual-action-required
  trust message: configure trusted publishing manually for `core` before the next built-in release publish; open https://crates.io/crates/core and register repository `ifiokjr/monochange`, workflow `publish.yml`, environment `publisher` there
  repository: ifiokjr/monochange
  workflow: publish.yml
  environment: publisher
  setup: https://crates.io/crates/core
  next: open the setup URL, configure trusted publishing for this package, then rerun `mc publish`
- dart_pkg 0.0.0 via pub_dev -> planned
  ecosystem: dart
  placeholder: yes
  publish: would publish placeholder dart_pkg 0.0.0 to pub_dev
  trusted publishing: manual-action-required
  trust message: configure trusted publishing manually for `dart_pkg` before the next built-in release publish; open https://pub.dev/packages/dart_pkg/admin and register repository `ifiokjr/monochange`, workflow `publish.yml`, environment `publisher` there
  repository: ifiokjr/monochange
  workflow: publish.yml
  environment: publisher
  setup: https://pub.dev/packages/dart_pkg/admin
  next: open the setup URL, configure trusted publishing for this package, then rerun `mc publish`
- jsr_pkg 0.0.0 via jsr -> planned
  ecosystem: deno
  placeholder: yes
  publish: would publish placeholder @scope/jsr-pkg 0.0.0 to jsr
  trusted publishing: manual-action-required
  trust message: configure trusted publishing manually for `@scope/jsr-pkg` before the next built-in release publish; open https://jsr.io/@scope/jsr-pkg and register repository `ifiokjr/monochange`, workflow `publish.yml`, environment `publisher` there
  repository: ifiokjr/monochange
  workflow: publish.yml
  environment: publisher
  setup: https://jsr.io/@scope/jsr-pkg
  next: open the setup URL, configure trusted publishing for this package, then rerun `mc publish`
- npm_pkg 0.0.0 via npm -> planned
  ecosystem: npm
  placeholder: yes
  publish: would publish placeholder npm-pkg 0.0.0 to npm
  trusted publishing: planned
  trust message: would configure npm trusted publishing
  repository: ifiokjr/monochange
  workflow: publish.yml
  environment: publisher
  setup: https://www.npmjs.com/package/npm-pkg/access
  next: open the setup URL, configure trusted publishing for this package, then rerun `mc publish`
publish rate limits:
- crates_io placeholder_publish pending=1 batches=1 confidence=High
  limit: 10
  window: 60s
  notes: crates.io source enforces 10 uploads per minute for existing crates
- npm placeholder_publish pending=1 batches=1 confidence=Low
  notes: npm does not publish a precise package publish quota; use sequential CI publishing with retries
- jsr placeholder_publish pending=1 batches=1 confidence=High
  limit: 20
  window: 86400s
  notes: JSR documents a daily publish limit per package scope
- pub_dev placeholder_publish pending=1 batches=1 confidence=Medium
  limit: 12
  window: 86400s
  notes: pub.dev community guidance consistently cites 12 publishes per day for new versions
planned batches:
- crates_io batch 1/1 packages: core
- npm batch 1/1 packages: npm_pkg
- jsr batch 1/1 packages: jsr_pkg
- pub_dev batch 1/1 packages: dart_pkg

----- stderr -----
