---
source: crates/monochange/tests/cli_output.rs
info:
  program: mc
  args:
    - placeholder-publish
    - "--dry-run"
    - "--format"
    - json
  env:
    GITHUB_JOB: ""
    GITHUB_WORKFLOW_REF: ""
    MONOCHANGE_CRATES_IO_API_URL: "http://127.0.0.1:50445"
    MONOCHANGE_JSR_BASE_URL: "http://127.0.0.1:50445"
    MONOCHANGE_NPM_REGISTRY_URL: "http://127.0.0.1:50445"
    MONOCHANGE_PUB_DEV_API_URL: "http://127.0.0.1:50445"
    NO_COLOR: "1"
    RUST_LOG: ""
---
success: false
exit_code: 1
----- stdout -----

----- stderr -----
discovery error: `dart pub publish --dry-run` failed: pubspec.yaml has no lower-bound SDK constraint.
You should edit pubspec.yaml to contain an SDK constraint:

environment:
  sdk: '^3.11.0'

See https://dart.dev/go/sdk-constraint
