---
source: crates/monochange/tests/cli_main_binary.rs
assertion_line: 19
info:
  program: monochange
  args:
    - not-a-command
  env:
    NO_COLOR: "1"
---
success: false
exit_code: 1
----- stdout -----

----- stderr -----
config error: error: unrecognized subcommand 'not-a-command'

Usage: monochange [OPTIONS] <COMMAND>

For more information, try '--help'.
