---
source: crates/monochange/tests/cli_main_binary.rs
assertion_line: 14
info:
  program: monochange
  args:
    - "--help"
  env:
    NO_COLOR: "1"
---
success: true
exit_code: 0
----- stdout -----
Manage versions and releases for your multiplatform, multilanguage monorepo

Usage: monochange [OPTIONS] <COMMAND>

Commands:
  init                 Generate monochange.toml with detected packages, groups, and default CLI commands
  populate             Add any missing built-in CLI commands to monochange.toml so you can customize them
  assist               Print assistant setup guidance, install steps, and MCP configuration
  release-record       Inspect the monochange release record associated with a tag or commit
  tag-release          Create and push release tags from the monochange release record on a commit
  mcp                  Start the monochange MCP (Model Context Protocol) server over stdin/stdout
  check                Validate configuration, changesets, and run lint rules on package manifests
  validate             Validate monochange configuration and changesets
  discover             Discover packages across supported ecosystems
  change               Create a change file for one or more packages
  release              Prepare a release from discovered change files
  placeholder-publish  Publish placeholder package versions for packages missing from their registries
  publish              Publish package versions from monochange release state using built-in workflows
  affected             Show packages affected by file changes and their changeset coverage
  diagnostics          Show per-changeset diagnostics including context and commit/PR context
  repair-release       Repair a recent release by moving its release tags to a later commit
  help                 Print this message or the help of the given subcommand(s)

Options:
  -q, --quiet                     Suppress stdout/stderr output and run in dry-run mode when supported
      --progress-format <FORMAT>  Control progress output on stderr [possible values: auto, unicode, ascii, json]
  -h, --help                      Print help


----- stderr -----
