---
source: crates/monochange/tests/github_releases.rs
expression: "json_subset(&json,\n&[(\"firstTargetId\", \"/releases/0/targetId\"),\n(\"firstTagName\", \"/releases/0/tagName\"), (\"firstDraft\", \"/releases/0/draft\"),\n(\"firstPrerelease\", \"/releases/0/prerelease\"),\n(\"secondTargetId\", \"/releases/1/targetId\"),\n(\"secondTagName\", \"/releases/1/tagName\"), (\"version\", \"/manifest/version\"),\n(\"groupVersion\", \"/manifest/groupVersion\"),\n(\"firstReleaseTargetId\", \"/manifest/releaseTargets/0/id\"),\n(\"secondReleaseTargetId\", \"/manifest/releaseTargets/1/id\"),\n(\"firstChangelogOwnerId\", \"/manifest/changelogs/0/ownerId\"),\n(\"secondChangelogOwnerId\", \"/manifest/changelogs/1/ownerId\"),\n(\"firstDecisionTrigger\", \"/manifest/plan/decisions/0/trigger\"),])"
---
{
  "firstChangelogOwnerId": "app",
  "firstDecisionTrigger": "transitive-dependency",
  "firstDraft": true,
  "firstPrerelease": true,
  "firstReleaseTargetId": "app",
  "firstTagName": "app/v1.0.1",
  "firstTargetId": "app",
  "groupVersion": null,
  "secondChangelogOwnerId": "core",
  "secondReleaseTargetId": "core",
  "secondTagName": "core/v1.1.0",
  "secondTargetId": "core",
  "version": null
}
