---
source: crates/monochange/tests/github_releases.rs
expression: "json_subset(&json,\n&[(\"repository\", \"/releases/0/repository\"),\n(\"targetId\", \"/releases/0/targetId\"),\n(\"targetKind\", \"/releases/0/targetKind\"), (\"tagName\", \"/releases/0/tagName\"),\n(\"name\", \"/releases/0/name\"), (\"command\", \"/manifest/command\"),\n(\"version\", \"/manifest/version\"), (\"groupVersion\", \"/manifest/groupVersion\"),\n(\"releaseTargetId\", \"/manifest/releaseTargets/0/id\"),\n(\"releaseTargetKind\", \"/manifest/releaseTargets/0/kind\"),\n(\"firstChangelogOwnerId\", \"/manifest/changelogs/0/ownerId\"),\n(\"secondChangelogOwnerId\", \"/manifest/changelogs/1/ownerId\"),])"
---
{
  "command": "publish-release",
  "firstChangelogOwnerId": "sdk",
  "groupVersion": "1.1.0",
  "name": "1.1.0 ([DATE])",
  "releaseTargetId": "sdk",
  "releaseTargetKind": "group",
  "repository": "ifiokjr/monochange",
  "secondChangelogOwnerId": "core",
  "tagName": "v1.1.0",
  "targetId": "sdk",
  "targetKind": "group",
  "version": "1.1.0"
}
