---
source: crates/monochange/tests/github_releases.rs
expression: "github_releases[0][\"body\"].as_str().unwrap_or_else(||\npanic!(\"expected GitHub release body\"))"
---
## core [1.0.1](https://github.com/ifiokjr/monochange/releases/tag/core/v1.0.1) ([DATE])

### Security

#### rotate signing keys (core patch)

Roll the signing key before the release window closes.
