---
source: crates/monochange/tests/pre_stable_versioning.rs
expression: "String::from_utf8_lossy(&output.stdout)"
---
command `release` completed (dry-run)
released packages: workflow-app, workflow-core
release targets:
- package app -> app/v0.1.1 (tag: false, release: false)
- package core -> core/v0.2.0 (tag: false, release: false)
changed files:
- crates/app/Cargo.toml
- crates/core/Cargo.toml
