---
source: crates/monochange/tests/release_notes_and_propagation.rs
expression: changelog
---
# Changelog

All notable changes to this project will be documented in this file.

This changelog is managed by [monochange](https://github.com/monochange/monochange).

## 1.1.0 ([DATE])

Grouped release for `sdk`.
### Changed

This entry appears in changelog via `group.sdk.changelog.text`

### Features
- **core**: add core feature
_Packages:_ _core_

This entry appears in changelog via `group.sdk.changelog.text`

### Features
- **app**: No changes were recorded for some group members; as a result, package changelogs were synchronized to version 1.1.0.
_Packages:_ _app_
