---
source: crates/monochange/tests/release_pull_requests.rs
expression: contents
---
Prepare release.

- release targets: app (1.0.1), core (1.1.0)
- released packages: workflow-app, workflow-core
- updated changelogs: crates/app/CHANGELOG.md, crates/core/CHANGELOG.md

## monochange Release Record

<!-- monochange:release-record:start -->
```json
{
  "changedFiles": [
    "crates/app/CHANGELOG.md",
    "crates/app/Cargo.toml",
    "crates/core/CHANGELOG.md",
    "crates/core/Cargo.toml"
  ],
  "changelogs": [
    {
      "format": "monochange",
      "notes": {
        "sections": [
          {
            "collapsed": false,
            "entries": [
              "- No package-specific changes were recorded; `workflow-app` was updated to 1.0.1."
            ],
            "title": "Changed"
          }
        ],
        "summary": [],
        "title": "app [1.0.1](https://github.com/ifiokjr/monochange/releases/tag/app/v1.0.1) ([DATE])"
      },
      "ownerId": "app",
      "ownerKind": "package",
      "path": "crates/app/CHANGELOG.md",
      "rendered": "[multiline text]"
    },
    {
      "format": "monochange",
      "notes": {
        "sections": [
          {
            "collapsed": false,
            "entries": [
              "#### add feature"
            ],
            "title": "Minor"
          }
        ],
        "summary": [],
        "title": "core [1.1.0](https://github.com/ifiokjr/monochange/releases/tag/core/v1.1.0) ([DATE])"
      },
      "ownerId": "core",
      "ownerKind": "package",
      "path": "crates/core/CHANGELOG.md",
      "rendered": "[multiline text]"
    }
  ],
  "changesets": [
    {
      "context": {
        "capabilities": {
          "actorProfiles": true,
          "commitWebUrls": true,
          "issueComments": true,
          "relatedIssues": true,
          "reviewRequestLookup": true
        },
        "host": "github.com",
        "introduced": null,
        "lastUpdated": null,
        "provider": "github",
        "relatedIssues": []
      },
      "details": null,
      "path": ".changeset/feature.md",
      "summary": "add feature",
      "targets": [
        {
          "bump": "minor",
          "changeType": "minor",
          "evidenceRefs": [],
          "id": "core",
          "kind": "package",
          "origin": "direct-change"
        }
      ]
    }
  ],
  "command": "release-pr",
  "createdAt": "[DATETIME]Z",
  "deletedChangesets": [],
  "groupVersion": null,
  "kind": "monochange.releaseRecord",
  "packagePublications": [
    {
      "ecosystem": "cargo",
      "mode": "builtin",
      "package": "app",
      "registry": "crates_io",
      "trustedPublishing": {
        "enabled": true,
        "environment": null,
        "repository": null,
        "workflow": null
      },
      "version": "1.0.1"
    },
    {
      "ecosystem": "cargo",
      "mode": "builtin",
      "package": "core",
      "registry": "crates_io",
      "trustedPublishing": {
        "enabled": true,
        "environment": null,
        "repository": null,
        "workflow": null
      },
      "version": "1.1.0"
    }
  ],
  "provider": {
    "host": null,
    "kind": "github",
    "owner": "ifiokjr",
    "repo": "monochange"
  },
  "releaseTargets": [
    {
      "id": "app",
      "kind": "package",
      "members": [
        "app"
      ],
      "release": true,
      "tag": false,
      "tagName": "app/v1.0.1",
      "version": "1.0.1",
      "versionFormat": "namespaced"
    },
    {
      "id": "core",
      "kind": "package",
      "members": [
        "core"
      ],
      "release": true,
      "tag": true,
      "tagName": "core/v1.1.0",
      "version": "1.1.0",
      "versionFormat": "namespaced"
    }
  ],
  "releasedPackages": [
    "workflow-app",
    "workflow-core"
  ],
  "updatedChangelogs": [
    "crates/app/CHANGELOG.md",
    "crates/core/CHANGELOG.md"
  ],
  "v": "0.0",
  "version": null
}
```
<!-- monochange:release-record:end -->
