---
source: crates/monochange/tests/release_record.rs
assertion_line: 307
expression: parsed
---
{
  "distance": 0,
  "dryRun": true,
  "from": "HEAD",
  "push": false,
  "recordCommit": "[SHA]",
  "resolvedFromCommit": "[SHA]",
  "status": "dry_run",
  "tagResults": [
    {
      "existingCommit": null,
      "operation": "planned",
      "tagName": "cli/v2.0.0",
      "targetCommit": "[SHA]"
    },
    {
      "existingCommit": null,
      "operation": "planned",
      "tagName": "v1.2.3",
      "targetCommit": "[SHA]"
    }
  ],
  "tags": {
    "cli": "cli/v2.0.0",
    "sdk": "v1.2.3"
  }
}
