---
source: crates/monochange/tests/release_notes_and_propagation.rs
expression: changelog
---
# Changelog

All notable changes to this project will be documented in this file.

This changelog is managed by [monochange](https://github.com/monochange/monochange).

## 1.1.0 ([DATE])

Grouped release for `sdk`.

Changed members: core, app

### Changed

> [!NOTE]
> *core*

This entry appears in changelog via `group.sdk.changelog.text`

### Features
- **core**: add core feature

> [!NOTE]
> *app*

This entry appears in changelog via `group.sdk.changelog.text`

### Features
- **app**: No changes were recorded for some group members; as a result, package changelogs were synchronized to version 1.1.0.
