---
source: crates/monochange/tests/release_record.rs
assertion_line: 256
expression: "String::from_utf8(output.stderr).unwrap_or_else(|error|\npanic!(\"stderr utf8: {error}\"))"
---
config error: resolved ref `HEAD` points to commit [SHA], but the nearest monochange release record is in ancestor commit [SHA] at distance 1; `tag-release` only tags a commit that is itself the release commit
