---
source: crates/monochange/tests/source_providers.rs
expression: json
---
{
  "changesets": [
    {
      "context": {
        "capabilities": {
          "actorProfiles": false,
          "commitWebUrls": true,
          "issueComments": false,
          "relatedIssues": false,
          "reviewRequestLookup": false
        },
        "host": "gitlab.com",
        "introduced": null,
        "lastUpdated": null,
        "provider": "gitlab",
        "relatedIssues": []
      },
      "details": null,
      "path": ".changeset/feature.md",
      "summary": "add gitlab fixture coverage",
      "targets": [
        {
          "bump": "minor",
          "changeType": "minor",
          "evidenceRefs": [],
          "id": "core",
          "kind": "package",
          "origin": "direct-change"
        }
      ]
    }
  ],
  "requestedChangesets": [
    ".changeset/feature.md"
  ]
}
