---
source: crates/monochange_github/src/__tests.rs
expression: "serde_json::json!({\n    \"repository\": request.repository, \"base_branch\": request.base_branch,\n    \"head_branch\": request.head_branch, \"title\": request.title,\n    \"commit_message\": request.commit_message, \"labels\": request.labels,\n    \"auto_merge\": request.auto_merge, \"body\": \"[multiline text]\",\n})"
---
{
  "auto_merge": true,
  "base_branch": "develop",
  "body": "[multiline text]",
  "commit_message": {
    "body": null,
    "subject": "chore(release): prepare release"
  },
  "head_branch": "automation/release/release",
  "labels": [
    "release",
    "automated"
  ],
  "repository": "ifiokjr/monochange",
  "title": "chore(release): prepare release"
}
