---
source: crates/monochange_github/src/__tests.rs
assertion_line: 556
expression: request.body
---
## Prepared release

- command: `release`
- group `sdk` -> `v1.2.0`

## Release notes

### sdk 1.2.0

Grouped release for `sdk`.

### Features

- add github publishing

## Changed files

- Cargo.toml
